[0.350s] Invoking command in '/home/beast/code/ros2_ws/src/my_robot_controller': DEBUGINFOD_URLS=https://debuginfod.ubuntu.com PS1=\u:\W$ PYTHONPATH=/home/beast/code/ros2_ws/build/my_robot_controller/prefix_override:/usr/lib/python3/dist-packages/colcon_core/task/python/colcon_distutils_commands:/home/beast/code/ros2_ws/install/my_robot_controller/lib/python3.12/site-packages:${PYTHONPATH} /usr/bin/python3 -W ignore:setup.py install is deprecated -W ignore:easy_install command is deprecated setup.py egg_info --egg-base ../../build/my_robot_controller build --build-base /home/beast/code/ros2_ws/build/my_robot_controller/build install --record /home/beast/code/ros2_ws/build/my_robot_controller/install.log --single-version-externally-managed install_data
[0.465s] running egg_info
[0.472s] writing ../../build/my_robot_controller/my_robot_controller.egg-info/PKG-INFO
[0.472s] writing dependency_links to ../../build/my_robot_controller/my_robot_controller.egg-info/dependency_links.txt
[0.472s] writing entry points to ../../build/my_robot_controller/my_robot_controller.egg-info/entry_points.txt
[0.473s] writing requirements to ../../build/my_robot_controller/my_robot_controller.egg-info/requires.txt
[0.473s] writing top-level names to ../../build/my_robot_controller/my_robot_controller.egg-info/top_level.txt
[0.488s] reading manifest file '../../build/my_robot_controller/my_robot_controller.egg-info/SOURCES.txt'
[0.489s] writing manifest file '../../build/my_robot_controller/my_robot_controller.egg-info/SOURCES.txt'
[0.489s] running build
[0.489s] running build_py
[0.489s] copying my_robot_controller/my_first_node.py -> /home/beast/code/ros2_ws/build/my_robot_controller/build/lib/my_robot_controller
[0.489s] running install
[0.492s] running install_lib
[0.500s] copying /home/beast/code/ros2_ws/build/my_robot_controller/build/lib/my_robot_controller/my_first_node.py -> /home/beast/code/ros2_ws/install/my_robot_controller/lib/python3.12/site-packages/my_robot_controller
[0.500s] byte-compiling /home/beast/code/ros2_ws/install/my_robot_controller/lib/python3.12/site-packages/my_robot_controller/my_first_node.py to my_first_node.cpython-312.pyc
[0.500s] running install_data
[0.500s] running install_egg_info
[0.508s] removing '/home/beast/code/ros2_ws/install/my_robot_controller/lib/python3.12/site-packages/my_robot_controller-0.0.0-py3.12.egg-info' (and everything under it)
[0.509s] Copying ../../build/my_robot_controller/my_robot_controller.egg-info to /home/beast/code/ros2_ws/install/my_robot_controller/lib/python3.12/site-packages/my_robot_controller-0.0.0-py3.12.egg-info
[0.509s] running install_scripts
[0.564s] Installing test_node script to /home/beast/code/ros2_ws/install/my_robot_controller/lib/my_robot_controller
[0.564s] writing list of installed files to '/home/beast/code/ros2_ws/build/my_robot_controller/install.log'
[0.577s] Invoked command in '/home/beast/code/ros2_ws/src/my_robot_controller' returned '0': DEBUGINFOD_URLS=https://debuginfod.ubuntu.com PS1=\u:\W$ PYTHONPATH=/home/beast/code/ros2_ws/build/my_robot_controller/prefix_override:/usr/lib/python3/dist-packages/colcon_core/task/python/colcon_distutils_commands:/home/beast/code/ros2_ws/install/my_robot_controller/lib/python3.12/site-packages:${PYTHONPATH} /usr/bin/python3 -W ignore:setup.py install is deprecated -W ignore:easy_install command is deprecated setup.py egg_info --egg-base ../../build/my_robot_controller build --build-base /home/beast/code/ros2_ws/build/my_robot_controller/build install --record /home/beast/code/ros2_ws/build/my_robot_controller/install.log --single-version-externally-managed install_data
