[0.344s] Invoking command in '/home/beast/code/ros2_ws/build/my_robot_controller': DEBUGINFOD_URLS=https://debuginfod.ubuntu.com PS1=\u:\W$ PYTHONPATH=/home/beast/code/ros2_ws/build/my_robot_controller/prefix_override:/usr/lib/python3/dist-packages/colcon_core/task/python/colcon_distutils_commands:/home/beast/code/ros2_ws/install/my_robot_controller/lib/python3.12/site-packages:${PYTHONPATH} /usr/bin/python3 -W ignore:setup.py install is deprecated -W ignore:easy_install command is deprecated setup.py develop --editable --build-directory /home/beast/code/ros2_ws/build/my_robot_controller/build --no-deps symlink_data
[0.486s] running develop
[0.568s] running egg_info
[0.576s] writing my_robot_controller.egg-info/PKG-INFO
[0.576s] writing dependency_links to my_robot_controller.egg-info/dependency_links.txt
[0.576s] writing entry points to my_robot_controller.egg-info/entry_points.txt
[0.576s] writing requirements to my_robot_controller.egg-info/requires.txt
[0.576s] writing top-level names to my_robot_controller.egg-info/top_level.txt
[0.592s] reading manifest file 'my_robot_controller.egg-info/SOURCES.txt'
[0.592s] writing manifest file 'my_robot_controller.egg-info/SOURCES.txt'
[0.601s] running build_ext
[0.601s] Creating /home/beast/code/ros2_ws/install/my_robot_controller/lib/python3.12/site-packages/my-robot-controller.egg-link (link to .)
[0.601s] Installing draw_circle script to /home/beast/code/ros2_ws/install/my_robot_controller/lib/my_robot_controller
[0.601s] Installing fibonacci_action_server script to /home/beast/code/ros2_ws/install/my_robot_controller/lib/my_robot_controller
[0.601s] Installing parameter_node script to /home/beast/code/ros2_ws/install/my_robot_controller/lib/my_robot_controller
[0.601s] Installing pose_subscriber script to /home/beast/code/ros2_ws/install/my_robot_controller/lib/my_robot_controller
[0.601s] Installing test_node script to /home/beast/code/ros2_ws/install/my_robot_controller/lib/my_robot_controller
[0.601s] Installing turtle_controller script to /home/beast/code/ros2_ws/install/my_robot_controller/lib/my_robot_controller
[0.601s] 
[0.601s] Installed /home/beast/code/ros2_ws/build/my_robot_controller
[0.601s] running symlink_data
[0.616s] Invoked command in '/home/beast/code/ros2_ws/build/my_robot_controller' returned '0': DEBUGINFOD_URLS=https://debuginfod.ubuntu.com PS1=\u:\W$ PYTHONPATH=/home/beast/code/ros2_ws/build/my_robot_controller/prefix_override:/usr/lib/python3/dist-packages/colcon_core/task/python/colcon_distutils_commands:/home/beast/code/ros2_ws/install/my_robot_controller/lib/python3.12/site-packages:${PYTHONPATH} /usr/bin/python3 -W ignore:setup.py install is deprecated -W ignore:easy_install command is deprecated setup.py develop --editable --build-directory /home/beast/code/ros2_ws/build/my_robot_controller/build --no-deps symlink_data
