[0.467s] Invoking command in '/home/beast/code/ros2_ws/src/my_robot_controller': DEBUGINFOD_URLS=https://debuginfod.ubuntu.com PS1=\u:\W$ PYTHONPATH=/home/beast/code/ros2_ws/build/my_robot_controller/prefix_override:/usr/lib/python3/dist-packages/colcon_core/task/python/colcon_distutils_commands:/home/beast/code/ros2_ws/install/my_robot_controller/lib/python3.12/site-packages:${PYTHONPATH} /usr/bin/python3 -W ignore:setup.py install is deprecated -W ignore:easy_install command is deprecated setup.py egg_info --egg-base ../../build/my_robot_controller build --build-base /home/beast/code/ros2_ws/build/my_robot_controller/build install --record /home/beast/code/ros2_ws/build/my_robot_controller/install.log --single-version-externally-managed install_data
[0.591s] running egg_info
[0.591s] creating ../../build/my_robot_controller/my_robot_controller.egg-info
[0.599s] writing ../../build/my_robot_controller/my_robot_controller.egg-info/PKG-INFO
[0.599s] writing dependency_links to ../../build/my_robot_controller/my_robot_controller.egg-info/dependency_links.txt
[0.599s] writing requirements to ../../build/my_robot_controller/my_robot_controller.egg-info/requires.txt
[0.599s] writing top-level names to ../../build/my_robot_controller/my_robot_controller.egg-info/top_level.txt
[0.599s] writing manifest file '../../build/my_robot_controller/my_robot_controller.egg-info/SOURCES.txt'
[0.614s] reading manifest file '../../build/my_robot_controller/my_robot_controller.egg-info/SOURCES.txt'
[0.615s] writing manifest file '../../build/my_robot_controller/my_robot_controller.egg-info/SOURCES.txt'
[0.615s] running build
[0.615s] running build_py
[0.615s] creating /home/beast/code/ros2_ws/build/my_robot_controller/build
[0.615s] creating /home/beast/code/ros2_ws/build/my_robot_controller/build/lib
[0.615s] creating /home/beast/code/ros2_ws/build/my_robot_controller/build/lib/my_robot_controller
[0.615s] copying my_robot_controller/__init__.py -> /home/beast/code/ros2_ws/build/my_robot_controller/build/lib/my_robot_controller
[0.615s] running install
[0.618s] running install_lib
[0.625s] creating /home/beast/code/ros2_ws/install/my_robot_controller/lib/python3.12/site-packages/my_robot_controller
[0.625s] copying /home/beast/code/ros2_ws/build/my_robot_controller/build/lib/my_robot_controller/__init__.py -> /home/beast/code/ros2_ws/install/my_robot_controller/lib/python3.12/site-packages/my_robot_controller
[0.626s] byte-compiling /home/beast/code/ros2_ws/install/my_robot_controller/lib/python3.12/site-packages/my_robot_controller/__init__.py to __init__.cpython-312.pyc
[0.626s] running install_data
[0.626s] creating /home/beast/code/ros2_ws/install/my_robot_controller/share/ament_index
[0.626s] creating /home/beast/code/ros2_ws/install/my_robot_controller/share/ament_index/resource_index
[0.626s] creating /home/beast/code/ros2_ws/install/my_robot_controller/share/ament_index/resource_index/packages
[0.626s] copying resource/my_robot_controller -> /home/beast/code/ros2_ws/install/my_robot_controller/share/ament_index/resource_index/packages
[0.626s] copying package.xml -> /home/beast/code/ros2_ws/install/my_robot_controller/share/my_robot_controller
[0.626s] running install_egg_info
[0.634s] Copying ../../build/my_robot_controller/my_robot_controller.egg-info to /home/beast/code/ros2_ws/install/my_robot_controller/lib/python3.12/site-packages/my_robot_controller-0.0.0-py3.12.egg-info
[0.634s] running install_scripts
[0.688s] writing list of installed files to '/home/beast/code/ros2_ws/build/my_robot_controller/install.log'
[0.700s] Invoked command in '/home/beast/code/ros2_ws/src/my_robot_controller' returned '0': DEBUGINFOD_URLS=https://debuginfod.ubuntu.com PS1=\u:\W$ PYTHONPATH=/home/beast/code/ros2_ws/build/my_robot_controller/prefix_override:/usr/lib/python3/dist-packages/colcon_core/task/python/colcon_distutils_commands:/home/beast/code/ros2_ws/install/my_robot_controller/lib/python3.12/site-packages:${PYTHONPATH} /usr/bin/python3 -W ignore:setup.py install is deprecated -W ignore:easy_install command is deprecated setup.py egg_info --egg-base ../../build/my_robot_controller build --build-base /home/beast/code/ros2_ws/build/my_robot_controller/build install --record /home/beast/code/ros2_ws/build/my_robot_controller/install.log --single-version-externally-managed install_data
